=== Creating Test Member ===

Test member already exists: Test Member 2025-12-05 10:27:58 (ID: 21)
Biometric enroll ID: 100

=== Testing Device Registration ===

Connecting to device at 192.168.100.108:4370...
